token     lexeme    lineno    offset    attribute
INT       int       1         0         
ID        a         1         3         0x5569b81600a0
SEMI      ;         1         4         
INT       int       3         0         
MAIN      main      3         3         
LPAREN    (         3         7         
RPAREN    )         3         8         
LBRACE    {         4         0         
INT       int       5         0         
ID        a         5         3         0x5569b8160104
SEMI      ;         5         4         
ID        a         6         0         0x5569b8160104
ASSIGN    =         6         1         
NUMBER    1         6         2         1         
PLUS      +         6         3         
NUMBER    2         6         4         2         
SEMI      ;         6         5         
IF        if        7         0         
LPAREN    (         7         2         
ID        a         7         3         0x5569b8160104
LESS      <         7         4         
NUMBER    5         7         5         5         
RPAREN    )         7         6         
RETURN    return    8         0         
NUMBER    1         8         6         1         
SEMI      ;         8         7         
RETURN    return    9         0         
NUMBER    0         9         6         0         
SEMI      ;         9         7         
RBRACE    }         10        0         
